// Jest Snapshot v1, https://goo.gl/fbAQLP

exports[`ComparisonCard Should match the snapshot 1`] = `
ShallowWrapper {
  "length": 1,
  Symbol(enzyme.__root__): [Circular],
  Symbol(enzyme.__unrendered__): <ComparisonCard
    comparedAverage={
        Object {
            "COLORADO": 0.34,
            "COLORADO SPRINGS": 0.45,
            "compared": 0.75,
          }
    }
/>,
  Symbol(enzyme.__renderer__): Object {
    "batchedUpdates": [Function],
    "getNode": [Function],
    "render": [Function],
    "simulateEvent": [Function],
    "unmount": [Function],
  },
  Symbol(enzyme.__node__): Object {
    "instance": null,
    "key": undefined,
    "nodeType": "host",
    "props": Object {
      "children": Array [
        <header>
          <h2
                    className="comparison__h2"
          >
                    COLORADO
          </h2>
          <h4
                    className="percent"
          >
                    34
                    %
          </h4>
</header>,
        <main>
          <h3
                    className="comparedAverage__text"
          >
                    Compared Averages: 
          </h3>
          <p
                    className="comparedAverage__num"
          >
                     
                    0.75
                     
          </p>
</main>,
        <footer>
          <h2
                    className="comparison__h2"
          >
                    COLORADO SPRINGS
          </h2>
          <h4
                    className="percent"
          >
                    45
                    %
          </h4>
</footer>,
      ],
      "className": "comparison-card",
    },
    "ref": null,
    "rendered": Array [
      Object {
        "instance": null,
        "key": undefined,
        "nodeType": "host",
        "props": Object {
          "children": Array [
            <h2
              className="comparison__h2"
>
              COLORADO
</h2>,
            <h4
              className="percent"
>
              34
              %
</h4>,
          ],
        },
        "ref": null,
        "rendered": Array [
          Object {
            "instance": null,
            "key": undefined,
            "nodeType": "host",
            "props": Object {
              "children": "COLORADO",
              "className": "comparison__h2",
            },
            "ref": null,
            "rendered": "COLORADO",
            "type": "h2",
          },
          Object {
            "instance": null,
            "key": undefined,
            "nodeType": "host",
            "props": Object {
              "children": Array [
                "34",
                "%",
              ],
              "className": "percent",
            },
            "ref": null,
            "rendered": Array [
              "34",
              "%",
            ],
            "type": "h4",
          },
        ],
        "type": "header",
      },
      Object {
        "instance": null,
        "key": undefined,
        "nodeType": "host",
        "props": Object {
          "children": Array [
            <h3
              className="comparedAverage__text"
>
              Compared Averages: 
</h3>,
            <p
              className="comparedAverage__num"
>
               
              0.75
               
</p>,
          ],
        },
        "ref": null,
        "rendered": Array [
          Object {
            "instance": null,
            "key": undefined,
            "nodeType": "host",
            "props": Object {
              "children": "Compared Averages: ",
              "className": "comparedAverage__text",
            },
            "ref": null,
            "rendered": "Compared Averages: ",
            "type": "h3",
          },
          Object {
            "instance": null,
            "key": undefined,
            "nodeType": "host",
            "props": Object {
              "children": Array [
                " ",
                0.75,
                " ",
              ],
              "className": "comparedAverage__num",
            },
            "ref": null,
            "rendered": Array [
              " ",
              0.75,
              " ",
            ],
            "type": "p",
          },
        ],
        "type": "main",
      },
      Object {
        "instance": null,
        "key": undefined,
        "nodeType": "host",
        "props": Object {
          "children": Array [
            <h2
              className="comparison__h2"
>
              COLORADO SPRINGS
</h2>,
            <h4
              className="percent"
>
              45
              %
</h4>,
          ],
        },
        "ref": null,
        "rendered": Array [
          Object {
            "instance": null,
            "key": undefined,
            "nodeType": "host",
            "props": Object {
              "children": "COLORADO SPRINGS",
              "className": "comparison__h2",
            },
            "ref": null,
            "rendered": "COLORADO SPRINGS",
            "type": "h2",
          },
          Object {
            "instance": null,
            "key": undefined,
            "nodeType": "host",
            "props": Object {
              "children": Array [
                "45",
                "%",
              ],
              "className": "percent",
            },
            "ref": null,
            "rendered": Array [
              "45",
              "%",
            ],
            "type": "h4",
          },
        ],
        "type": "footer",
      },
    ],
    "type": "article",
  },
  Symbol(enzyme.__nodes__): Array [
    Object {
      "instance": null,
      "key": undefined,
      "nodeType": "host",
      "props": Object {
        "children": Array [
          <header>
            <h2
                        className="comparison__h2"
            >
                        COLORADO
            </h2>
            <h4
                        className="percent"
            >
                        34
                        %
            </h4>
</header>,
          <main>
            <h3
                        className="comparedAverage__text"
            >
                        Compared Averages: 
            </h3>
            <p
                        className="comparedAverage__num"
            >
                         
                        0.75
                         
            </p>
</main>,
          <footer>
            <h2
                        className="comparison__h2"
            >
                        COLORADO SPRINGS
            </h2>
            <h4
                        className="percent"
            >
                        45
                        %
            </h4>
</footer>,
        ],
        "className": "comparison-card",
      },
      "ref": null,
      "rendered": Array [
        Object {
          "instance": null,
          "key": undefined,
          "nodeType": "host",
          "props": Object {
            "children": Array [
              <h2
                className="comparison__h2"
>
                COLORADO
</h2>,
              <h4
                className="percent"
>
                34
                %
</h4>,
            ],
          },
          "ref": null,
          "rendered": Array [
            Object {
              "instance": null,
              "key": undefined,
              "nodeType": "host",
              "props": Object {
                "children": "COLORADO",
                "className": "comparison__h2",
              },
              "ref": null,
              "rendered": "COLORADO",
              "type": "h2",
            },
            Object {
              "instance": null,
              "key": undefined,
              "nodeType": "host",
              "props": Object {
                "children": Array [
                  "34",
                  "%",
                ],
                "className": "percent",
              },
              "ref": null,
              "rendered": Array [
                "34",
                "%",
              ],
              "type": "h4",
            },
          ],
          "type": "header",
        },
        Object {
          "instance": null,
          "key": undefined,
          "nodeType": "host",
          "props": Object {
            "children": Array [
              <h3
                className="comparedAverage__text"
>
                Compared Averages: 
</h3>,
              <p
                className="comparedAverage__num"
>
                 
                0.75
                 
</p>,
            ],
          },
          "ref": null,
          "rendered": Array [
            Object {
              "instance": null,
              "key": undefined,
              "nodeType": "host",
              "props": Object {
                "children": "Compared Averages: ",
                "className": "comparedAverage__text",
              },
              "ref": null,
              "rendered": "Compared Averages: ",
              "type": "h3",
            },
            Object {
              "instance": null,
              "key": undefined,
              "nodeType": "host",
              "props": Object {
                "children": Array [
                  " ",
                  0.75,
                  " ",
                ],
                "className": "comparedAverage__num",
              },
              "ref": null,
              "rendered": Array [
                " ",
                0.75,
                " ",
              ],
              "type": "p",
            },
          ],
          "type": "main",
        },
        Object {
          "instance": null,
          "key": undefined,
          "nodeType": "host",
          "props": Object {
            "children": Array [
              <h2
                className="comparison__h2"
>
                COLORADO SPRINGS
</h2>,
              <h4
                className="percent"
>
                45
                %
</h4>,
            ],
          },
          "ref": null,
          "rendered": Array [
            Object {
              "instance": null,
              "key": undefined,
              "nodeType": "host",
              "props": Object {
                "children": "COLORADO SPRINGS",
                "className": "comparison__h2",
              },
              "ref": null,
              "rendered": "COLORADO SPRINGS",
              "type": "h2",
            },
            Object {
              "instance": null,
              "key": undefined,
              "nodeType": "host",
              "props": Object {
                "children": Array [
                  "45",
                  "%",
                ],
                "className": "percent",
              },
              "ref": null,
              "rendered": Array [
                "45",
                "%",
              ],
              "type": "h4",
            },
          ],
          "type": "footer",
        },
      ],
      "type": "article",
    },
  ],
  Symbol(enzyme.__options__): Object {
    "adapter": ReactSixteenAdapter {
      "options": Object {
        "enableComponentDidUpdateOnSetState": true,
      },
    },
  },
}
`;
